// Jest Snapshot v1, https://goo.gl/fbAQLP

exports[`test the list component renders the list 1`] = `
<ContextProvider
  value={
    Object {
      "dispatch": [Function],
      "state": Object {
        "files": Array [
          Object {
            "body": "this is a markdown file",
            "id": "ID2938248",
            "title": "test",
          },
          Object {
            "body": "another markdown",
            "id": "ID392045",
            "title": "another-test",
          },
          Object {
            "body": "last test file",
            "id": "ID24558248",
            "title": "one-more",
          },
        ],
        "markdown": "# Hi there",
      },
    }
  }
>
  <List />
</ContextProvider>
`;
